flutter : Could not find an option named "--web-renderer".
At line:1 char:1
+ flutter build web --release --web-renderer canvaskit 2>&1 > build_out ...
+ ~~~~~~~~~~~~~~~~~~~~~~~~~~~~~~~~~~~~~~~~~~~~~~~~~~~~~~~~~~~~~~~~~~~~~
    + CategoryInfo          : NotSpecified: (Could not find ...-web-renderer".:String) [], RemoteExcep 
   tion
    + FullyQualifiedErrorId : NativeCommandError
 

Run 'flutter -h' (or 'flutter <command> -h') for available flutter commands and options.
