
================================================================================
SMARTMESS TENSORFLOW CROWD PREDICTION - COMPLETE PIPELINE TEST
================================================================================

[INFO] STEP 1: Verifying virtual environment
[OK] Virtual environment ready

[INFO] STEP 2: Training TensorFlow model for 'alder' mess

[INFO] Training model...
   Command: .venv\Scripts\python.exe train_tensorflow.py alder

[OK] Success!

   ======================================================================
   SmartMess TensorFlow Mess-Specific Crowd Prediction Model Training
   ======================================================================
   [TARGET] Training model for mess: alder
   [STEP 1/3] Loading attendance data for alder...
   [QUERY] Querying Firebase for alder...
   [OK] Loaded 0 attendance records for alder
   [WARN] No Firebase data found for alder
   [INFO] Expected path: attendance/alder/{date}/{meal}/students
   [INFO] Generating dummy data for alder...
   [OK] Generated 537 dummy records for alder
   [STEP 2/3] Training regression model for alder...
   [alder] Preparing training data...
   [alder] Training with 537 records...
   [OK] [alder] Model trained and saved
     Loss: 0.0005
     MAE: 0.0176
   ... (truncated, 8 more lines)

[INFO] STEP 3: Testing prediction model for 'alder' mess

[INFO] Loading model and generating predictions...
   Command: .venv\Scripts\python.exe mess_prediction_model.py alder

[OK] Success!

   Testing prediction model for alder...
   [OK] Loaded model for alder
   [OK] Loaded scaler for alder
   [OK] Loaded metadata for alder
   [OK] Model loaded for alder
   [INFO] No predictions (likely outside meal hours)

[INFO] STEP 4: Testing backend prediction wrapper
[OK] Backend wrapper working!

   {
     "messId": "alder",
     "mealType": "none",
     "current_crowd": 25,
     "capacity": 100,
     "current_percentage": 25.0,
     "predictions": [],
     "model_info": {
       "mess_id": "alder",
       "model_loaded": true,
       "metadata": {
         "mess_id": "alder",
         "training_samples": 537,
         "input_features": [
           "hour",
           "day_of_week",
           "meal_type"
         ],
         "final_loss": 0.000529037497472018,
         "final_mae": 0.017591822892427444
       },

[INFO] STEP 5: System Status Summary
[OK] Model files present:
      - alder_metadata.json (0.3 KB)
      - alder_model.keras (43.3 KB)
      - alder_scaler.pkl (0.6 KB)
.\ml_model\.venv\Scripts\py
thon.exe : Traceback (most 
recent call last):
At line:1 char:1
+ .\ml_model\.venv\Scripts\
python.exe 
test_complete_pipeline.py 
> test_ ...
+ ~~~~~~~~~~~~~~~~~~~~~~~~~
~~~~~~~~~~~~~~~~~~~~~~~~~~~
~~~~~~~~~~~~~~~~~
    + CategoryInfo         
     : NotSpecified: (Tra  
  ceback (most recent ca   
 ll last)::String) [],     
RemoteException
    + FullyQualifiedErrorI 
   d : NativeCommandError
 
  File "C:\Users\iamda\Desk
top\SMARTMESS\test_complete
_pipeline.py", line 208, 
in <module>
    print_summary()
    ~~~~~~~~~~~~~^^
  File "C:\Users\iamda\Desk
top\SMARTMESS\test_complete
_pipeline.py", line 184, 
in print_summary
    - Reads from: attendanc
e/messId/date/meal/students
                           
              ^^^^
NameError: name 'date' is 
not defined
